// Jest Snapshot v1, https://goo.gl/fbAQLP

exports[`Header tests Snapshot matches 1`] = `ShallowWrapper {}`;
