// Jest Snapshot v1, https://goo.gl/fbAQLP

exports[`Inventory tests Snapshot matches 1`] = `ShallowWrapper {}`;
