// Jest Snapshot v1, https://goo.gl/fbAQLP

exports[`Order tests Snapshot matches 1`] = `ShallowWrapper {}`;
