// Jest Snapshot v1, https://goo.gl/fbAQLP

exports[`OrderView tests Snapshot matches 1`] = `ShallowWrapper {}`;
